MAP
IMAGETYPE png
MAXSIZE 4000
SIZE 800 800
EXTENT -9583207 3548826 -8999182 4183713
UNITS meters

WEB
   METADATA
      "wfs_title" "mapserverdemo"
      "wfs_enable_request" "*"
      "wfs_onlineresource" "http://localhost:8080/mapserv?map=/etc/mapserver/wms.map"
      "ows_enable_request" "*"
      "wms_srs" "EPSG:3857 EPSG:4326"
      "wfs_srs" "EPSG:3857 EPSG:4326"
      "labelcache_map_edge_buffer" "-1"
      "wms_title" "OpenStreetMap"
      "wms_feature_info_mime_type" "text/plain text/html application/json"
   END
   IMAGEPATH "/ms4w/tmp/ms_tmp/"
   IMAGEURL "/ms_tmp/"
END
DEBUG 1
CONFIG "MS_ERRORFILE" "stderr"
PROJECTION
   "init=epsg:3857"
END
OUTPUTFORMAT
  NAME "png_bw"
  DRIVER "AGG/PNG"
  MIMETYPE "image/png;mode=8bit,grayscale"
  IMAGEMODE RGB
  EXTENSION "png"
  TRANSPARENT FALSE
  FORMATOPTION "PALETTE=grey.txt"
  FORMATOPTION "PALETTE_FORCE=on"
END


LAYER
    STATUS DEFAULT
    TYPE POLYGON
    NAME "h3_polygons"
    GROUP "h3"
    CONNECTIONTYPE postgis
    CONNECTION "host=host.docker.internal dbname=h3demo user=postgres password=postgres port=5432"
    DATA "geom from pop6 using unique fld using srid=4326"
    CLASS
      STYLE
         OUTLINECOLOR 0 0 255
         WIDTH 3
      END
      STYLE
         COLOR 255 255 255
         OPACITY 1
      END
   END
  
     

  PROJECTION #source
    "init=epsg:4326"
  END
END

END

/*
http://localhost:8080/mapserv?map=/etc/mapserver/wms.map&request=GetMetadata&layers=h3_polygons&service=WMS&request=GetMap&&styles=&format=image%2Fjpeg&transparent=false&version=1.1.1&width=256&height=256&srs=EPSG%3A3857&bbox=-14675.909430753843,6711782.579664759,-9783.93962050256,6716674.54947501
*/
